<!-- Created with Inkscape (http://www.inkscape.org/) --><svg xmlns="http://www.w3.org/2000/svg" xmlns:sodipodi="http://sodipodi.sourceforge.net/DTD/sodipodi-0.dtd" xmlns:inkscape="http://www.inkscape.org/namespaces/inkscape" xmlns:xlink="http://www.w3.org/1999/xlink" xmlns:rdf="http://www.w3.org/1999/02/22-rdf-syntax-ns#" xmlns:cc="http://web.resource.org/cc/" xmlns:dc="http://purl.org/dc/elements/1.1/" width="800px" height="600px" id="SVGRoot" viewBox="0 0 800 600">
  <defs/>
  <sodipodi:namedview id="base" pagecolor="#ffffff" bordercolor="#666666" borderopacity="1.0" inkscape:pageopacity="0.0" inkscape:pageshadow="2" inkscape:zoom="0.25" inkscape:cx="400.0" inkscape:cy="300.0" inkscape:document-units="px" inkscape:current-layer="layer1"/>
  <metadata>
    <rdf:RDF>
      <cc:Work rdf:about="">
        <dc:format>image/svg+xml</dc:format>
        <dc:type rdf:resource="http://purl.org/dc/dcmitype/StillImage"/>
      </cc:Work>
    </rdf:RDF>
  </metadata>
  <g inkscape:label="Layer 1" inkscape:groupmode="layer" id="layer1"/>
<g inkscape:groupmode="layer" id="frame_001" inkscape:label="frame_001"><set id="init_001" begin="0ms; off_012.end" dur="0.0ms" attributeName="display" to="none"/><set id="on_001" begin="init_001.end" dur="83.33333333333333ms" attributeName="display" to="inline"/><set id="off_001" begin="on_001.end" dur="916.6666666666666ms" attributeName="display" to="none"/><g inkscape:groupmode="layer" id="background_001" inkscape:label="background"><rect x="0" y="0" width="800" height="600" id="bgfill_001" style="fill:white"/></g><g inkscape:groupmode="layer" id="paint_001" inkscape:label="paint"/><g inkscape:groupmode="layer" id="ink_001" inkscape:label="ink"/><text id="frametext_001" stroke="white" style="fill-opacity:0.4;font:bold 160.0px monospace"><tspan x="0" y="240.0" id="frametspan_001">001</tspan></text></g><g inkscape:groupmode="layer" id="frame_002" inkscape:label="frame_002"><set id="init_002" begin="0ms; off_012.end" dur="83.33333333333333ms" attributeName="display" to="none"/><set id="on_002" begin="init_002.end" dur="83.33333333333333ms" attributeName="display" to="inline"/><set id="off_002" begin="on_002.end" dur="833.3333333333333ms" attributeName="display" to="none"/><g inkscape:groupmode="layer" id="background_002" inkscape:label="background"><rect x="0" y="0" width="800" height="600" id="bgfill_002" style="fill:white"/></g><g inkscape:groupmode="layer" id="paint_002" inkscape:label="paint"/><g inkscape:groupmode="layer" id="ink_002" inkscape:label="ink"/><text id="frametext_002" stroke="white" style="fill-opacity:0.4;font:bold 160.0px monospace"><tspan x="0" y="240.0" id="frametspan_002">002</tspan></text></g><g inkscape:groupmode="layer" id="frame_003" inkscape:label="frame_003"><set id="init_003" begin="0ms; off_012.end" dur="166.66666666666666ms" attributeName="display" to="none"/><set id="on_003" begin="init_003.end" dur="83.33333333333333ms" attributeName="display" to="inline"/><set id="off_003" begin="on_003.end" dur="750.0ms" attributeName="display" to="none"/><g inkscape:groupmode="layer" id="background_003" inkscape:label="background"><rect x="0" y="0" width="800" height="600" id="bgfill_003" style="fill:white"/></g><g inkscape:groupmode="layer" id="paint_003" inkscape:label="paint"/><g inkscape:groupmode="layer" id="ink_003" inkscape:label="ink"/><text id="frametext_003" stroke="white" style="fill-opacity:0.4;font:bold 160.0px monospace"><tspan x="0" y="240.0" id="frametspan_003">003</tspan></text></g><g inkscape:groupmode="layer" id="frame_004" inkscape:label="frame_004"><set id="init_004" begin="0ms; off_012.end" dur="250.0ms" attributeName="display" to="none"/><set id="on_004" begin="init_004.end" dur="83.33333333333333ms" attributeName="display" to="inline"/><set id="off_004" begin="on_004.end" dur="666.6666666666666ms" attributeName="display" to="none"/><g inkscape:groupmode="layer" id="background_004" inkscape:label="background"><rect x="0" y="0" width="800" height="600" id="bgfill_004" style="fill:white"/></g><g inkscape:groupmode="layer" id="paint_004" inkscape:label="paint"/><g inkscape:groupmode="layer" id="ink_004" inkscape:label="ink"/><text id="frametext_004" stroke="white" style="fill-opacity:0.4;font:bold 160.0px monospace"><tspan x="0" y="240.0" id="frametspan_004">004</tspan></text></g><g inkscape:groupmode="layer" id="frame_005" inkscape:label="frame_005"><set id="init_005" begin="0ms; off_012.end" dur="333.3333333333333ms" attributeName="display" to="none"/><set id="on_005" begin="init_005.end" dur="83.33333333333333ms" attributeName="display" to="inline"/><set id="off_005" begin="on_005.end" dur="583.3333333333333ms" attributeName="display" to="none"/><g inkscape:groupmode="layer" id="background_005" inkscape:label="background"><rect x="0" y="0" width="800" height="600" id="bgfill_005" style="fill:white"/></g><g inkscape:groupmode="layer" id="paint_005" inkscape:label="paint"/><g inkscape:groupmode="layer" id="ink_005" inkscape:label="ink"/><text id="frametext_005" stroke="white" style="fill-opacity:0.4;font:bold 160.0px monospace"><tspan x="0" y="240.0" id="frametspan_005">005</tspan></text></g><g inkscape:groupmode="layer" id="frame_006" inkscape:label="frame_006"><set id="init_006" begin="0ms; off_012.end" dur="416.66666666666663ms" attributeName="display" to="none"/><set id="on_006" begin="init_006.end" dur="83.33333333333333ms" attributeName="display" to="inline"/><set id="off_006" begin="on_006.end" dur="500.0ms" attributeName="display" to="none"/><g inkscape:groupmode="layer" id="background_006" inkscape:label="background"><rect x="0" y="0" width="800" height="600" id="bgfill_006" style="fill:white"/></g><g inkscape:groupmode="layer" id="paint_006" inkscape:label="paint"/><g inkscape:groupmode="layer" id="ink_006" inkscape:label="ink"/><text id="frametext_006" stroke="white" style="fill-opacity:0.4;font:bold 160.0px monospace"><tspan x="0" y="240.0" id="frametspan_006">006</tspan></text></g><g inkscape:groupmode="layer" id="frame_007" inkscape:label="frame_007"><set id="init_007" begin="0ms; off_012.end" dur="500.0ms" attributeName="display" to="none"/><set id="on_007" begin="init_007.end" dur="83.33333333333333ms" attributeName="display" to="inline"/><set id="off_007" begin="on_007.end" dur="416.66666666666663ms" attributeName="display" to="none"/><g inkscape:groupmode="layer" id="background_007" inkscape:label="background"><rect x="0" y="0" width="800" height="600" id="bgfill_007" style="fill:white"/></g><g inkscape:groupmode="layer" id="paint_007" inkscape:label="paint"/><g inkscape:groupmode="layer" id="ink_007" inkscape:label="ink"/><text id="frametext_007" stroke="white" style="fill-opacity:0.4;font:bold 160.0px monospace"><tspan x="0" y="240.0" id="frametspan_007">007</tspan></text></g><g inkscape:groupmode="layer" id="frame_008" inkscape:label="frame_008"><set id="init_008" begin="0ms; off_012.end" dur="583.3333333333333ms" attributeName="display" to="none"/><set id="on_008" begin="init_008.end" dur="83.33333333333333ms" attributeName="display" to="inline"/><set id="off_008" begin="on_008.end" dur="333.33333333333326ms" attributeName="display" to="none"/><g inkscape:groupmode="layer" id="background_008" inkscape:label="background"><rect x="0" y="0" width="800" height="600" id="bgfill_008" style="fill:white"/></g><g inkscape:groupmode="layer" id="paint_008" inkscape:label="paint"/><g inkscape:groupmode="layer" id="ink_008" inkscape:label="ink"/><text id="frametext_008" stroke="white" style="fill-opacity:0.4;font:bold 160.0px monospace"><tspan x="0" y="240.0" id="frametspan_008">008</tspan></text></g><g inkscape:groupmode="layer" id="frame_009" inkscape:label="frame_009"><set id="init_009" begin="0ms; off_012.end" dur="666.6666666666666ms" attributeName="display" to="none"/><set id="on_009" begin="init_009.end" dur="83.33333333333333ms" attributeName="display" to="inline"/><set id="off_009" begin="on_009.end" dur="250.0ms" attributeName="display" to="none"/><g inkscape:groupmode="layer" id="background_009" inkscape:label="background"><rect x="0" y="0" width="800" height="600" id="bgfill_009" style="fill:white"/></g><g inkscape:groupmode="layer" id="paint_009" inkscape:label="paint"/><g inkscape:groupmode="layer" id="ink_009" inkscape:label="ink"/><text id="frametext_009" stroke="white" style="fill-opacity:0.4;font:bold 160.0px monospace"><tspan x="0" y="240.0" id="frametspan_009">009</tspan></text></g><g inkscape:groupmode="layer" id="frame_010" inkscape:label="frame_010"><set id="init_010" begin="0ms; off_012.end" dur="750.0ms" attributeName="display" to="none"/><set id="on_010" begin="init_010.end" dur="83.33333333333333ms" attributeName="display" to="inline"/><set id="off_010" begin="on_010.end" dur="166.66666666666663ms" attributeName="display" to="none"/><g inkscape:groupmode="layer" id="background_010" inkscape:label="background"><rect x="0" y="0" width="800" height="600" id="bgfill_010" style="fill:white"/></g><g inkscape:groupmode="layer" id="paint_010" inkscape:label="paint"/><g inkscape:groupmode="layer" id="ink_010" inkscape:label="ink"/><text id="frametext_010" stroke="white" style="fill-opacity:0.4;font:bold 160.0px monospace"><tspan x="0" y="240.0" id="frametspan_010">010</tspan></text></g><g inkscape:groupmode="layer" id="frame_011" inkscape:label="frame_011"><set id="init_011" begin="0ms; off_012.end" dur="833.3333333333333ms" attributeName="display" to="none"/><set id="on_011" begin="init_011.end" dur="83.33333333333333ms" attributeName="display" to="inline"/><set id="off_011" begin="on_011.end" dur="83.33333333333326ms" attributeName="display" to="none"/><g inkscape:groupmode="layer" id="background_011" inkscape:label="background"><rect x="0" y="0" width="800" height="600" id="bgfill_011" style="fill:white"/></g><g inkscape:groupmode="layer" id="paint_011" inkscape:label="paint"/><g inkscape:groupmode="layer" id="ink_011" inkscape:label="ink"/><text id="frametext_011" stroke="white" style="fill-opacity:0.4;font:bold 160.0px monospace"><tspan x="0" y="240.0" id="frametspan_011">011</tspan></text></g><g inkscape:groupmode="layer" id="frame_012" inkscape:label="frame_012"><set id="init_012" begin="0ms; off_012.end" dur="916.6666666666666ms" attributeName="display" to="none"/><set id="on_012" begin="init_012.end" dur="83.33333333333333ms" attributeName="display" to="inline"/><set id="off_012" begin="on_012.end" dur="1ms" attributeName="display" to="none"/><g inkscape:groupmode="layer" id="background_012" inkscape:label="background"><rect x="0" y="0" width="800" height="600" id="bgfill_012" style="fill:white"/></g><g inkscape:groupmode="layer" id="paint_012" inkscape:label="paint"/><g inkscape:groupmode="layer" id="ink_012" inkscape:label="ink"/><text id="frametext_012" stroke="white" style="fill-opacity:0.4;font:bold 160.0px monospace"><tspan x="0" y="240.0" id="frametspan_012">012</tspan></text></g></svg>